Compiled brush preset: -------------- Compiled brush preset --------------
-------------- Input sampling shader --------------
@group(0) @binding(0)
var<storage> new_input: package_brush__1brush_types_PenInput;

@group(0) @binding(1)
var<storage, read_write> input_sampler: package_brush__1brush_types_PenInputSampler;

@group(0) @binding(2)
var<storage, read_write> output_samples: package_brush__1brush_types_OutputSamples;

@group(0) @binding(3)
var<storage, read_write> bounds_eval_dispatch: vec3u;

const BEZIER_SAMPLES: u32 = 32u;

fn compute_required_spacing(graph_input: package_brush__1brush_types_ComputedPenInput) -> f32 {
    return 1.0;
}

fn bezier_t_for_arc_length(table: ptr<function, array<f32, BEZIER_SAMPLES + 1u>>, arc_goal: f32) -> f32 {
    const BISECT_ITERATIONS: u32 = u32(ceil(log2(f32(BEZIER_SAMPLES)))) + 1u;
    var lo: u32 = 0u;
    var hi: u32 = BEZIER_SAMPLES;
    for (var i = 0u; i < BISECT_ITERATIONS; i++) {
        let mid = (lo + hi) / 2u;
        if (*table)[mid] < arc_goal {
            lo = mid;
        }
        else {
            hi = mid;
        }
    }
    let lo_arc = (*table)[lo];
    let hi_arc = (*table)[hi];
    let lo_t = f32(lo) / f32(BEZIER_SAMPLES);
    let hi_t = f32(hi) / f32(BEZIER_SAMPLES);
    if hi_arc <= lo_arc {
        return lo_t;
    }
    return mix(lo_t, hi_t, (arc_goal - lo_arc) / (hi_arc - lo_arc));
}

fn compute_pen_input(last: package_brush__1brush_types_PenInput, current: package_brush__1brush_types_PenInput, p0: vec2f, p1: vec2f, p2: vec2f, p3: vec2f, t: f32) -> package_brush__1brush_types_ComputedPenInput {
    let position = package_render_math__1bezier_eval(p0, p1, p2, p3, t);
    let time = package_brush__1brush_types_Time(mix(last.time.now, current.time.now, t), last.time.stroke_begin);
    let draw_direction_vec = package_render_math__2bezier_tangent_eval(p0, p1, p2, p3, t);
    let draw_direction_angle = atan2(draw_direction_vec.y, draw_direction_vec.x);
    return package_brush__1brush_types_ComputedPenInput(position, draw_direction_vec, draw_direction_angle, time);
}

@compute @workgroup_size(1, 1, 1)
fn main() {
    output_samples.n_samples = 0;
    let p0 = input_sampler.last_sample.position;
    let p1 = new_input.bezier_control_prev;
    let p2 = new_input.bezier_control_cur;
    let p3 = new_input.position;
    let new_computed = compute_pen_input(new_input, new_input, p0, p1, p2, p3, 1.0);
    if input_sampler.has_last_sample == 0 {
        input_sampler.last_input = new_input;
        input_sampler.last_sample = new_computed;
        input_sampler.has_last_sample = 1;
        bounds_eval_dispatch = vec3u(0u);
        return;
    }
    var arc_table: array<f32, BEZIER_SAMPLES + 1u>;
    arc_table[0] = 0.0;
    var prev_p = p0;
    for (var i: u32 = 1u; i <= BEZIER_SAMPLES; i++) {
        let t = f32(i) / f32(BEZIER_SAMPLES);
        let p = package_render_math__1bezier_eval(p0, p1, p2, p3, t);
        arc_table[i] = arc_table[i - 1u] + distance(prev_p, p);
        prev_p = p;
    }
    let total_arc = arc_table[BEZIER_SAMPLES];
    let spacing = compute_required_spacing(new_computed);
    if total_arc < 0.0001 || spacing <= 0.0 {
        input_sampler.last_input = new_input;
        return;
    }
    var remaining_arc = total_arc;
    while (output_samples.n_samples < arrayLength(&output_samples.samples)) {
        let target_arc = total_arc - remaining_arc;
        let t = bezier_t_for_arc_length(&arc_table, target_arc);
        let interpolated = compute_pen_input(input_sampler.last_input, new_input, p0, p1, p2, p3, t);
        output_samples.samples[output_samples.n_samples] = interpolated;
        output_samples.n_samples += 1u;
        remaining_arc -= spacing;
        if remaining_arc < spacing {
            break;
        }
    }
    input_sampler.last_input = new_input;
    input_sampler.last_sample = output_samples.samples[output_samples.n_samples - 1u];
    bounds_eval_dispatch = vec3u(1u, 1u, package_render_math__2unsigned_div_ceil(output_samples.n_samples, 16u));
}

struct package_brush__1brush_types_OutputSamples {
    n_samples: u32,
    is_overflow: u32,
    samples: array<package_brush__1brush_types_ComputedPenInput>
}

struct package_brush__1brush_types_ComputedPenInput {
    position: vec2f,
    draw_direction_vec: vec2f,
    draw_direction_angle: f32,
    time: package_brush__1brush_types_Time
}

struct package_brush__1brush_types_PenInputSampler {
    last_input: package_brush__1brush_types_PenInput,
    last_sample: package_brush__1brush_types_ComputedPenInput,
    has_last_sample: u32
}

struct package_brush__1brush_types_PenInput {
    position: vec2f,
    time: package_brush__1brush_types_Time,
    bezier_control_prev: vec2f,
    bezier_control_cur: vec2f
}

struct package_brush__1brush_types_Time {
    now: f32,
    stroke_begin: f32
}

fn package_render_math__2unsigned_div_ceil(lhs: u32, rhs: u32) -> u32 {
    return (lhs + rhs - 1u) / rhs;
}

fn package_render_math__1bezier_eval(p0: vec2f, p1: vec2f, p2: vec2f, p3: vec2f, t: f32) -> vec2f {
    let mt = 1.0 - t;
    return mt * mt * mt * p0 + 3.0 * mt * mt * t * p1 + 3.0 * mt * t * t * p2 + t * t * t * p3;
}

fn package_render_math__2bezier_tangent_eval(p0: vec2f, p1: vec2f, p2: vec2f, p3: vec2f, t: f32) -> vec2f {
    let mt = 1.0 - t;
    return 3.0 * mt * mt * (p1 - p0) + 6.0 * mt * t * (p2 - p1) + 3.0 * t * t * (p3 - p2);
}

-------------- Main graph shader --------------
@group(0) @binding(0)
var<storage> sample: GraphInput;

@group(0) @binding(5)
var<storage> buffer_tile_info: array<package_image__1image_tiling_TileInfo>;

@group(0) @binding(6)
var stroke_buffer_src: texture_storage_2d_array<r32uint, read>;

@group(0) @binding(7)
var stroke_buffer_dst: texture_storage_2d_array<r32uint, write>;

@group(0) @binding(8)
var<storage, read_write> dab_info: package_brush__1brush_types_DabInfo;

struct Mask {
    bounds: package_render_math_Rect,
    value: f32
}

alias GraphInput = package_brush__1brush_types_ComputedPenInput;

fn main_graph(graph_input: GraphInput, pixel_pos: vec2i, pixel_posf: vec2f) {
    let output_0_ = graph_input.position;
    let output_1_ = pixel_posf;
    let output_2_ = elliptical_mask(output_1_, output_0_, vec2f(10.0, 10.0));
    let output_3_ = output_2_.value;
    let output_4_ = output_2_.bounds;
    let output_5_ = vec4f(1.0, 0.0, 0.0, output_3_);
    let output_6_ = filter_within_bounds(pixel_pos, output_5_, output_4_);
    let output_7_ = output_4_;
    let output_8_ = package_image__1blend_modes__1blend_normal(vec4f(output_6_.rgb, output_6_.a * 1.0), current_input_color(pixel_pos));
    set_output_pixel_bounds(output_7_);
    set_output_color(pixel_pos, output_8_);
}

fn elliptical_mask(pixel: vec2f, center: vec2f, ab: vec2f) -> Mask {
    let dist = package_render_math__1sdf_ellipse(pixel, center, ab);
    let value = smoothstep(1.0, 0.0, dist);
    return Mask(package_render_math_Rect(center - ab, center + ab), value);
}

fn convert_pixel_to_buffer_tile(pixel: vec2i) -> vec3u {
    for (var i = 0u; i < arrayLength(&buffer_tile_info); i = i + 1u) {
        let info = buffer_tile_info[i];
        if pixel.x >= info.origin.x && pixel.x < info.origin.x + i32(package_image__1image_tiling__1TILE_SIZE) && pixel.y >= info.origin.y && pixel.y < info.origin.y + i32(package_image__1image_tiling__1TILE_SIZE) {
            return vec3u(vec2u(pixel - info.origin), i);
        }
    }
    return vec3u(0, 0, 4294967295u);
}

fn current_input_color(pixel_pos: vec2i) -> vec4f {
    {
        let tile_index = convert_pixel_to_buffer_tile(pixel_pos);
        if tile_index.z == 4294967295u {
            return vec4f(0.0);
        }
        let color = textureLoad(stroke_buffer_src, vec2i(tile_index.xy), tile_index.z);
        return package_image__1texture_unpack__2unpack_rgba8_texel(color);
    }
}

fn filter_within_bounds(pixel: vec2i, color: vec4f, bounds: package_render_math_Rect) -> vec4f {
    let pixelf = vec2f(pixel);
    if any(pixelf < bounds.min) || any(pixelf >= bounds.max) {
        return vec4f(0.0);
    }
    return color;
}

fn set_output_color(pixel_pos: vec2i, color: vec4f) {
    {
        let tile_index = convert_pixel_to_buffer_tile(pixel_pos);
        if tile_index.z == 4294967295u {
            return;
        }
        let packed = package_image__1texture_unpack__2pack_rgba8_texel(color);
        textureStore(stroke_buffer_dst, vec2i(tile_index.xy), tile_index.z, packed);
    }
}

fn set_output_pixel_bounds(bounds: package_render_math_Rect) {

}

@compute @workgroup_size(16, 16, 1)
fn main(@builtin(global_invocation_id) id: vec3u) {
    let layer = id.z;
    let pixel_pos = vec2i(id.xy) + buffer_tile_info[layer].origin;
    if any(pixel_pos < dab_info.bound_min) || any(pixel_pos >= dab_info.bound_max) {
        set_output_color(pixel_pos, current_input_color(pixel_pos));
        return;
    }
    let pixel_posf = vec2f(pixel_pos);
    main_graph(sample, pixel_pos, pixel_posf);
}

const package_image__1image_tiling__1TILE_SIZE: u32 = 256;

struct package_image__1image_tiling_TileInfo {
    index: vec2i,
    origin: vec2i
}

struct package_brush__1brush_types_DabInfo {
    bound_min: vec2i,
    bound_max: vec2i
}

struct package_brush__1brush_types_ComputedPenInput {
    position: vec2f,
    draw_direction_vec: vec2f,
    draw_direction_angle: f32,
    time: package_brush__1brush_types_Time
}

struct package_brush__1brush_types_Time {
    now: f32,
    stroke_begin: f32
}

fn package_image__1texture_unpack__2unpack_rgba8_texel(texel: vec4u) -> vec4f {
    return package_image__1texture_unpack__1unpack_rgba8(texel.r);
}

fn package_image__1texture_unpack__2pack_rgba8_texel(color: vec4f) -> vec4u {
    return vec4u(package_image__1texture_unpack__1pack_rgba8(color), 0, 0, 0);
}

fn package_image__1texture_unpack__1unpack_rgba8(x: u32) -> vec4f {
    let r = f32((x >> 0) & 255) / 255.0;
    let g = f32((x >> 8) & 255) / 255.0;
    let b = f32((x >> 16) & 255) / 255.0;
    let a = f32((x >> 24) & 255) / 255.0;
    return vec4f(r, g, b, a);
}

fn package_image__1texture_unpack__1pack_rgba8(color: vec4f) -> u32 {
    let r = u32(clamp(color.r * 255.0, 0.0, 255.0));
    let g = u32(clamp(color.g * 255.0, 0.0, 255.0));
    let b = u32(clamp(color.b * 255.0, 0.0, 255.0));
    let a = u32(clamp(color.a * 255.0, 0.0, 255.0));
    return (a << 24) | (b << 16) | (g << 8) | r;
}

struct package_render_math_Rect {
    min: vec2f,
    max: vec2f
}

fn package_render_math__1sdf_ellipse(pixel: vec2f, center: vec2f, ab: vec2f) -> f32 {
    let p = abs(pixel - center);
    let q = ab * (p - ab);
    var w = 0.0;
    if q.x < q.y {
        w = 1.570796327;
    }
    for (var i = 0; i < 5; i++) {
        let cs = vec2f(cos(w), sin(w));
        let u = ab * vec2f(cs.x, cs.y);
        let v = ab * vec2f(-cs.y, cs.x);
        w = w + dot(p - u, v) / (dot(p - u, u) + dot(v, v));
    }
    let d = length(p - ab * vec2f(cos(w), sin(w)));
    if dot(p / ab, p / ab) > 1.0 {
        return d;
    }
    else {
        return -d;
    }
}

const package_image__1blend_modes__1BLEND_EPSILON: f32 = 1e-6;

fn package_image__1blend_modes__1clamp01_rgb(color: vec3f) -> vec3f {
    return clamp(color, vec3f(0.0), vec3f(1.0));
}

fn package_image__1blend_modes__1blend_compose(src: vec4f, dst: vec4f, blended_rgb: vec3f) -> vec4f {
    let src_a = clamp(src.a, 0.0, 1.0);
    let dst_a = clamp(dst.a, 0.0, 1.0);
    let out_a = src_a + dst_a * (1.0 - src_a);
    if out_a <= package_image__1blend_modes__1BLEND_EPSILON {
        return vec4f(0.0);
    }
    let out_rgb_premul = src.rgb * src_a * (1.0 - dst_a) + dst.rgb * dst_a * (1.0 - src_a) + blended_rgb * src_a * dst_a;
    let out_rgb = out_rgb_premul / out_a;
    return vec4f(package_image__1blend_modes__1clamp01_rgb(out_rgb), out_a);
}

fn package_image__1blend_modes__1blend_normal(src: vec4f, dst: vec4f) -> vec4f {
    return package_image__1blend_modes__1blend_compose(src, dst, src.rgb);
}

-------------- Main graph bounds eval shader --------------
@group(0) @binding(0)
var<storage> sample: package_brush__1brush_types_OutputSamples;

@group(0) @binding(8)
var<storage, read_write> dab_info: array<package_brush__1brush_types_DabInfo>;

struct Mask {
    bounds: package_render_math_Rect,
    value: f32
}

alias GraphInput = package_brush__1brush_types_ComputedPenInput;

fn main_graph(graph_input: GraphInput, pixel_pos: vec2i, pixel_posf: vec2f) {
    let output_0_ = graph_input.position;
    let output_1_ = pixel_posf;
    let output_2_ = elliptical_mask(output_1_, output_0_, vec2f(10.0, 10.0));
    let output_3_ = output_2_.value;
    let output_4_ = output_2_.bounds;
    let output_5_ = vec4f(1.0, 0.0, 0.0, output_3_);
    let output_6_ = filter_within_bounds(pixel_pos, output_5_, output_4_);
    let output_7_ = output_4_;
    let output_8_ = package_image__1blend_modes__1blend_normal(vec4f(output_6_.rgb, output_6_.a * 1.0), current_input_color(pixel_pos));
    set_output_pixel_bounds(output_7_);
    set_output_color(pixel_pos, output_8_);
}

fn elliptical_mask(pixel: vec2f, center: vec2f, ab: vec2f) -> Mask {
    let dist = package_render_math__1sdf_ellipse(pixel, center, ab);
    let value = smoothstep(1.0, 0.0, dist);
    return Mask(package_render_math_Rect(center - ab, center + ab), value);
}

fn current_input_color(pixel_pos: vec2i) -> vec4f {
    {
        return vec4f(0.0);
    }
}

fn filter_within_bounds(pixel: vec2i, color: vec4f, bounds: package_render_math_Rect) -> vec4f {
    let pixelf = vec2f(pixel);
    if any(pixelf < bounds.min) || any(pixelf >= bounds.max) {
        return vec4f(0.0);
    }
    return color;
}

fn set_output_color(pixel_pos: vec2i, color: vec4f) {

}

var<private> dab_index: u32 = 0u;

fn set_output_pixel_bounds(bounds: package_render_math_Rect) {
    {
        let tile_min = vec2i(bounds.min) / i32(package_image__1image_tiling__1TILE_SIZE);
        let tile_max = (vec2i(bounds.max) - 1) / i32(package_image__1image_tiling__1TILE_SIZE) + 1;
        {
            dab_info[dab_index] = package_brush__1brush_types_DabInfo(tile_min, tile_max);
        }
    }
}

@compute @workgroup_size(1, 1, 16)
fn main_bounds_eval(@builtin(global_invocation_id) id: vec3u) {
    dab_index = id.z;
    {
        if dab_index < sample.n_samples {
            main_graph(sample.samples[dab_index], vec2i(0), vec2f(0.0));
        }
    }
}

struct package_brush__1brush_types_OutputSamples {
    n_samples: u32,
    is_overflow: u32,
    samples: array<package_brush__1brush_types_ComputedPenInput>
}

struct package_brush__1brush_types_DabInfo {
    bound_min: vec2i,
    bound_max: vec2i
}

struct package_brush__1brush_types_ComputedPenInput {
    position: vec2f,
    draw_direction_vec: vec2f,
    draw_direction_angle: f32,
    time: package_brush__1brush_types_Time
}

struct package_brush__1brush_types_Time {
    now: f32,
    stroke_begin: f32
}

struct package_render_math_Rect {
    min: vec2f,
    max: vec2f
}

fn package_render_math__1sdf_ellipse(pixel: vec2f, center: vec2f, ab: vec2f) -> f32 {
    let p = abs(pixel - center);
    let q = ab * (p - ab);
    var w = 0.0;
    if q.x < q.y {
        w = 1.570796327;
    }
    for (var i = 0; i < 5; i++) {
        let cs = vec2f(cos(w), sin(w));
        let u = ab * vec2f(cs.x, cs.y);
        let v = ab * vec2f(-cs.y, cs.x);
        w = w + dot(p - u, v) / (dot(p - u, u) + dot(v, v));
    }
    let d = length(p - ab * vec2f(cos(w), sin(w)));
    if dot(p / ab, p / ab) > 1.0 {
        return d;
    }
    else {
        return -d;
    }
}

const package_image__1blend_modes__1BLEND_EPSILON: f32 = 1e-6;

fn package_image__1blend_modes__1clamp01_rgb(color: vec3f) -> vec3f {
    return clamp(color, vec3f(0.0), vec3f(1.0));
}

fn package_image__1blend_modes__1blend_compose(src: vec4f, dst: vec4f, blended_rgb: vec3f) -> vec4f {
    let src_a = clamp(src.a, 0.0, 1.0);
    let dst_a = clamp(dst.a, 0.0, 1.0);
    let out_a = src_a + dst_a * (1.0 - src_a);
    if out_a <= package_image__1blend_modes__1BLEND_EPSILON {
        return vec4f(0.0);
    }
    let out_rgb_premul = src.rgb * src_a * (1.0 - dst_a) + dst.rgb * dst_a * (1.0 - src_a) + blended_rgb * src_a * dst_a;
    let out_rgb = out_rgb_premul / out_a;
    return vec4f(package_image__1blend_modes__1clamp01_rgb(out_rgb), out_a);
}

fn package_image__1blend_modes__1blend_normal(src: vec4f, dst: vec4f) -> vec4f {
    return package_image__1blend_modes__1blend_compose(src, dst, src.rgb);
}

const package_image__1image_tiling__1TILE_SIZE: u32 = 256;

-------------- Stroke postprocess graph shader 0 --------------
@group(0) @binding(0)
var<storage> sample: GraphInput;

@group(0) @binding(3)
var<storage> target_layer_tile_info: array<package_image__1image_tiling_TileInfo>;

@group(0) @binding(4)
var target_layer: texture_storage_2d_array<r32uint, read>;

@group(0) @binding(5)
var<storage> buffer_tile_info: array<package_image__1image_tiling_TileInfo>;

@group(0) @binding(6)
var stroke_buffer_src: texture_storage_2d_array<r32uint, read>;

@group(0) @binding(7)
var stroke_buffer_dst: texture_storage_2d_array<r32uint, write>;

@group(0) @binding(8)
var<storage, read_write> dab_info: package_brush__1brush_types_DabInfo;

@group(0) @binding(9)
var selection: texture_storage_2d_array<r8unorm, read>;

@group(0) @binding(10)
var<storage> selection_tile_info: array<package_image__1image_tiling_TileInfo>;

@group(0) @binding(11)
var<storage> has_selection: u32;

alias GraphInput = package_brush__1brush_types_StrokePostprocessData;

fn main_graph(graph_input: GraphInput, pixel_pos: vec2i, pixel_posf: vec2f) {
    let output_0_ = pixel_posf;
    let output_1_ = package_render_math_Rect(vec2f(graph_input.accumulated_pixel_bound.min), vec2f(graph_input.accumulated_pixel_bound.max));
    let output_2_ = current_input_color(vec2i(output_0_));
    let output_3_ = load_selection_mask_value(vec2i(output_0_));
    let output_4_ = filter_within_bounds(pixel_pos, output_2_, output_1_);
    let output_5_ = output_1_;
    let output_6_ = package_image__1blend_modes__1blend_normal(vec4f(output_4_.rgb, output_4_.a * output_3_), target_layer_color(pixel_pos));
    set_output_pixel_bounds(output_5_);
    set_output_color(pixel_pos, output_6_);
}

fn convert_pixel_to_layer_tile(pixel: vec2i) -> vec3u {
    for (var i = 0u; i < arrayLength(&target_layer_tile_info); i = i + 1u) {
        let info = target_layer_tile_info[i];
        if pixel.x >= info.origin.x && pixel.x < info.origin.x + i32(package_image__1image_tiling__1TILE_SIZE) && pixel.y >= info.origin.y && pixel.y < info.origin.y + i32(package_image__1image_tiling__1TILE_SIZE) {
            return vec3u(vec2u(pixel - info.origin), i);
        }
    }
    return vec3u(0, 0, 4294967295u);
}

fn convert_pixel_to_buffer_tile(pixel: vec2i) -> vec3u {
    for (var i = 0u; i < arrayLength(&buffer_tile_info); i = i + 1u) {
        let info = buffer_tile_info[i];
        if pixel.x >= info.origin.x && pixel.x < info.origin.x + i32(package_image__1image_tiling__1TILE_SIZE) && pixel.y >= info.origin.y && pixel.y < info.origin.y + i32(package_image__1image_tiling__1TILE_SIZE) {
            return vec3u(vec2u(pixel - info.origin), i);
        }
    }
    return vec3u(0, 0, 4294967295u);
}

fn current_input_color(pixel_pos: vec2i) -> vec4f {
    {
        let tile_index = convert_pixel_to_buffer_tile(pixel_pos);
        if tile_index.z == 4294967295u {
            return vec4f(0.0);
        }
        let color = textureLoad(stroke_buffer_src, vec2i(tile_index.xy), tile_index.z);
        return package_image__1texture_unpack__2unpack_rgba8_texel(color);
    }
}

fn target_layer_color(pixel_pos: vec2i) -> vec4f {
    let tile_index = convert_pixel_to_layer_tile(pixel_pos);
    if tile_index.z == 4294967295u {
        return vec4f(0.0);
    }
    return package_image__1texture_unpack__2unpack_rgba8_texel(textureLoad(target_layer, vec2i(tile_index.xy), tile_index.z));
}

fn filter_within_bounds(pixel: vec2i, color: vec4f, bounds: package_render_math_Rect) -> vec4f {
    let pixelf = vec2f(pixel);
    if any(pixelf < bounds.min) || any(pixelf >= bounds.max) {
        return vec4f(0.0);
    }
    return color;
}

fn load_selection_mask_value(pixel_pos: vec2i) -> f32 {
    if has_selection == 0u {
        return 1.0;
    }
    for (var i = 0u; i < arrayLength(&selection_tile_info); i += 1u) {
        let tile = selection_tile_info[i];
        if any(pixel_pos < tile.origin) || any(pixel_pos >= tile.origin + i32(package_image__1image_tiling__1TILE_SIZE)) {
            continue;
        }
        return textureLoad(selection, pixel_pos - tile.origin, i).r;
    }
    return 0.0;
}

fn set_output_color(pixel_pos: vec2i, color: vec4f) {
    {
        let tile_index = convert_pixel_to_buffer_tile(pixel_pos);
        if tile_index.z == 4294967295u {
            return;
        }
        let packed = package_image__1texture_unpack__2pack_rgba8_texel(color);
        textureStore(stroke_buffer_dst, vec2i(tile_index.xy), tile_index.z, packed);
    }
}

fn set_output_pixel_bounds(bounds: package_render_math_Rect) {

}

@compute @workgroup_size(16, 16, 1)
fn main(@builtin(global_invocation_id) id: vec3u) {
    let layer = id.z;
    let pixel_pos = vec2i(id.xy) + buffer_tile_info[layer].origin;
    if any(pixel_pos < dab_info.bound_min) || any(pixel_pos >= dab_info.bound_max) {
        set_output_color(pixel_pos, current_input_color(pixel_pos));
        return;
    }
    let pixel_posf = vec2f(pixel_pos);
    main_graph(sample, pixel_pos, pixel_posf);
}

const package_image__1image_tiling__1TILE_SIZE: u32 = 256;

struct package_image__1image_tiling_TileInfo {
    index: vec2i,
    origin: vec2i
}

struct package_brush__1brush_types_DabInfo {
    bound_min: vec2i,
    bound_max: vec2i
}

struct package_brush__1brush_types_StrokePostprocessData {
    accumulated_pixel_bound: package_render_math_IRect,
    time: package_brush__1brush_types_Time
}

struct package_brush__1brush_types_Time {
    now: f32,
    stroke_begin: f32
}

fn package_image__1texture_unpack__2unpack_rgba8_texel(texel: vec4u) -> vec4f {
    return package_image__1texture_unpack__1unpack_rgba8(texel.r);
}

fn package_image__1texture_unpack__2pack_rgba8_texel(color: vec4f) -> vec4u {
    return vec4u(package_image__1texture_unpack__1pack_rgba8(color), 0, 0, 0);
}

fn package_image__1texture_unpack__1unpack_rgba8(x: u32) -> vec4f {
    let r = f32((x >> 0) & 255) / 255.0;
    let g = f32((x >> 8) & 255) / 255.0;
    let b = f32((x >> 16) & 255) / 255.0;
    let a = f32((x >> 24) & 255) / 255.0;
    return vec4f(r, g, b, a);
}

fn package_image__1texture_unpack__1pack_rgba8(color: vec4f) -> u32 {
    let r = u32(clamp(color.r * 255.0, 0.0, 255.0));
    let g = u32(clamp(color.g * 255.0, 0.0, 255.0));
    let b = u32(clamp(color.b * 255.0, 0.0, 255.0));
    let a = u32(clamp(color.a * 255.0, 0.0, 255.0));
    return (a << 24) | (b << 16) | (g << 8) | r;
}

struct package_render_math_Rect {
    min: vec2f,
    max: vec2f
}

struct package_render_math_IRect {
    min: vec2i,
    max: vec2i
}

const package_image__1blend_modes__1BLEND_EPSILON: f32 = 1e-6;

fn package_image__1blend_modes__1clamp01_rgb(color: vec3f) -> vec3f {
    return clamp(color, vec3f(0.0), vec3f(1.0));
}

fn package_image__1blend_modes__1blend_compose(src: vec4f, dst: vec4f, blended_rgb: vec3f) -> vec4f {
    let src_a = clamp(src.a, 0.0, 1.0);
    let dst_a = clamp(dst.a, 0.0, 1.0);
    let out_a = src_a + dst_a * (1.0 - src_a);
    if out_a <= package_image__1blend_modes__1BLEND_EPSILON {
        return vec4f(0.0);
    }
    let out_rgb_premul = src.rgb * src_a * (1.0 - dst_a) + dst.rgb * dst_a * (1.0 - src_a) + blended_rgb * src_a * dst_a;
    let out_rgb = out_rgb_premul / out_a;
    return vec4f(package_image__1blend_modes__1clamp01_rgb(out_rgb), out_a);
}

fn package_image__1blend_modes__1blend_normal(src: vec4f, dst: vec4f) -> vec4f {
    return package_image__1blend_modes__1blend_compose(src, dst, src.rgb);
}

-------------- Stroke postprocess graph bounds eval shader 0 --------------
@group(0) @binding(0)
var<storage> sample: GraphInput;

@group(0) @binding(3)
var<storage> target_layer_tile_info: array<package_image__1image_tiling_TileInfo>;

@group(0) @binding(4)
var target_layer: texture_storage_2d_array<r32uint, read>;

@group(0) @binding(8)
var<storage, read_write> dab_info: package_brush__1brush_types_DabInfo;

@group(0) @binding(9)
var selection: texture_storage_2d_array<r8unorm, read>;

@group(0) @binding(10)
var<storage> selection_tile_info: array<package_image__1image_tiling_TileInfo>;

@group(0) @binding(11)
var<storage> has_selection: u32;

alias GraphInput = package_brush__1brush_types_StrokePostprocessData;

fn main_graph(graph_input: GraphInput, pixel_pos: vec2i, pixel_posf: vec2f) {
    let output_0_ = pixel_posf;
    let output_1_ = package_render_math_Rect(vec2f(graph_input.accumulated_pixel_bound.min), vec2f(graph_input.accumulated_pixel_bound.max));
    let output_2_ = current_input_color(vec2i(output_0_));
    let output_3_ = load_selection_mask_value(vec2i(output_0_));
    let output_4_ = filter_within_bounds(pixel_pos, output_2_, output_1_);
    let output_5_ = output_1_;
    let output_6_ = package_image__1blend_modes__1blend_normal(vec4f(output_4_.rgb, output_4_.a * output_3_), target_layer_color(pixel_pos));
    set_output_pixel_bounds(output_5_);
    set_output_color(pixel_pos, output_6_);
}

fn convert_pixel_to_layer_tile(pixel: vec2i) -> vec3u {
    for (var i = 0u; i < arrayLength(&target_layer_tile_info); i = i + 1u) {
        let info = target_layer_tile_info[i];
        if pixel.x >= info.origin.x && pixel.x < info.origin.x + i32(package_image__1image_tiling__1TILE_SIZE) && pixel.y >= info.origin.y && pixel.y < info.origin.y + i32(package_image__1image_tiling__1TILE_SIZE) {
            return vec3u(vec2u(pixel - info.origin), i);
        }
    }
    return vec3u(0, 0, 4294967295u);
}

fn current_input_color(pixel_pos: vec2i) -> vec4f {
    {
        return vec4f(0.0);
    }
}

fn target_layer_color(pixel_pos: vec2i) -> vec4f {
    let tile_index = convert_pixel_to_layer_tile(pixel_pos);
    if tile_index.z == 4294967295u {
        return vec4f(0.0);
    }
    return package_image__1texture_unpack__2unpack_rgba8_texel(textureLoad(target_layer, vec2i(tile_index.xy), tile_index.z));
}

fn filter_within_bounds(pixel: vec2i, color: vec4f, bounds: package_render_math_Rect) -> vec4f {
    let pixelf = vec2f(pixel);
    if any(pixelf < bounds.min) || any(pixelf >= bounds.max) {
        return vec4f(0.0);
    }
    return color;
}

fn load_selection_mask_value(pixel_pos: vec2i) -> f32 {
    if has_selection == 0u {
        return 1.0;
    }
    for (var i = 0u; i < arrayLength(&selection_tile_info); i += 1u) {
        let tile = selection_tile_info[i];
        if any(pixel_pos < tile.origin) || any(pixel_pos >= tile.origin + i32(package_image__1image_tiling__1TILE_SIZE)) {
            continue;
        }
        return textureLoad(selection, pixel_pos - tile.origin, i).r;
    }
    return 0.0;
}

fn set_output_color(pixel_pos: vec2i, color: vec4f) {

}

var<private> dab_index: u32 = 0u;

fn set_output_pixel_bounds(bounds: package_render_math_Rect) {
    {
        let tile_min = vec2i(bounds.min) / i32(package_image__1image_tiling__1TILE_SIZE);
        let tile_max = (vec2i(bounds.max) - 1) / i32(package_image__1image_tiling__1TILE_SIZE) + 1;
        {
            dab_info = package_brush__1brush_types_DabInfo(tile_min, tile_max);
        }
    }
}

@compute @workgroup_size(1, 1, 16)
fn main_bounds_eval(@builtin(global_invocation_id) id: vec3u) {
    dab_index = id.z;
    {
        if dab_index == 0u {
            main_graph(sample, vec2i(0), vec2f(0.0));
        }
    }
}

struct package_brush__1brush_types_DabInfo {
    bound_min: vec2i,
    bound_max: vec2i
}

struct package_brush__1brush_types_StrokePostprocessData {
    accumulated_pixel_bound: package_render_math_IRect,
    time: package_brush__1brush_types_Time
}

struct package_brush__1brush_types_Time {
    now: f32,
    stroke_begin: f32
}

struct package_render_math_Rect {
    min: vec2f,
    max: vec2f
}

struct package_render_math_IRect {
    min: vec2i,
    max: vec2i
}

const package_image__1image_tiling__1TILE_SIZE: u32 = 256;

struct package_image__1image_tiling_TileInfo {
    index: vec2i,
    origin: vec2i
}

const package_image__1blend_modes__1BLEND_EPSILON: f32 = 1e-6;

fn package_image__1blend_modes__1clamp01_rgb(color: vec3f) -> vec3f {
    return clamp(color, vec3f(0.0), vec3f(1.0));
}

fn package_image__1blend_modes__1blend_compose(src: vec4f, dst: vec4f, blended_rgb: vec3f) -> vec4f {
    let src_a = clamp(src.a, 0.0, 1.0);
    let dst_a = clamp(dst.a, 0.0, 1.0);
    let out_a = src_a + dst_a * (1.0 - src_a);
    if out_a <= package_image__1blend_modes__1BLEND_EPSILON {
        return vec4f(0.0);
    }
    let out_rgb_premul = src.rgb * src_a * (1.0 - dst_a) + dst.rgb * dst_a * (1.0 - src_a) + blended_rgb * src_a * dst_a;
    let out_rgb = out_rgb_premul / out_a;
    return vec4f(package_image__1blend_modes__1clamp01_rgb(out_rgb), out_a);
}

fn package_image__1blend_modes__1blend_normal(src: vec4f, dst: vec4f) -> vec4f {
    return package_image__1blend_modes__1blend_compose(src, dst, src.rgb);
}

fn package_image__1texture_unpack__2unpack_rgba8_texel(texel: vec4u) -> vec4f {
    return package_image__1texture_unpack__1unpack_rgba8(texel.r);
}

fn package_image__1texture_unpack__1unpack_rgba8(x: u32) -> vec4f {
    let r = f32((x >> 0) & 255) / 255.0;
    let g = f32((x >> 8) & 255) / 255.0;
    let b = f32((x >> 16) & 255) / 255.0;
    let a = f32((x >> 24) & 255) / 255.0;
    return vec4f(r, g, b, a);
}

--------------
